---
source: src/tests/test_interpreter.rs
expression: i.eval().unwrap()
---
()
