---
source: src/tests/test_parser.rs
expression: "Parser::new(\"\", code).parse()"
---
Ok(
    [
        Expr(
            Literal(
                Char(
                    'a',
                ),
            ),
        ),
    ],
)
